// Jest Snapshot v1, https://goo.gl/fbAQLP

exports[`factories-for-sideeffects rollup 1`] = `
"'use strict';

Object.defineProperty(exports, '__esModule', { value: true });

/* eslint-disable operator-linebreak */
/* eslint-disable implicit-arrow-linebreak */
/* eslint-disable no-plusplus */
/* eslint-disable no-undef */
const reexport = 'reexport';
const functionWithSideeffectFactory = (constantValue) =>
  () => ++someGlobalVar && constantValue;

// unless it is called, there is no sideeffect happening
const usedStringGetterWithSideeffect = functionWithSideeffectFactory('usedStringGetterWithSideeffect');

// triggering side effect
const unusedResultOfCreatedFunctionWithSideeffect = usedStringGetterWithSideeffect('unusedResultOfCreatedFunctionWithSideeffect');

exports.reexport = reexport;"
`;

exports[`factories-for-sideeffects webpack + terser 1`] = `
"function(module, __webpack_exports__, __webpack_require__) {
    'use strict';
    // ESM COMPAT FLAG
        __webpack_require__.r(__webpack_exports__), 
    // EXPORTS
    __webpack_require__.d(__webpack_exports__, 'reexport', (function() {
        /* reexport */ return reexport;
    }));
    // CONCATENATED MODULE: ./test/factories-for-sideeffects/exports.js
    /* eslint-disable operator-linebreak */
    /* eslint-disable implicit-arrow-linebreak */
    /* eslint-disable no-plusplus */
    /* eslint-disable no-undef */
    const reexport = 'reexport', functionWithSideeffectFactory = constantValue => () => ++someGlobalVar && constantValue, usedStringGetterWithSideeffect = functionWithSideeffectFactory('usedStringGetterWithSideeffect');
    usedStringGetterWithSideeffect('unusedResultOfCreatedFunctionWithSideeffect'), functionWithSideeffectFactory('unusedStringGetterWithSideeffect');
}"
`;
